[36m(WorkerDict pid=13337)[0m CUDA_VISIBLE_DEVICES: 6
Error executing job with overrides: ['algorithm.adv_estimator=grpo', 'data.train_files=/workspace/simpleRL-reason/train.parquet', 'data.val_files=/workspace/simpleRL-reason/test.parquet', 'data.train_batch_size=1024', 'data.val_batch_size=500', 'data.max_prompt_length=1024', 'data.max_response_length=8192', 'actor_rollout_ref.model.path=Qwen/Qwen2.5-0.5B', 'actor_rollout_ref.actor.optim.lr=5e-7', 'actor_rollout_ref.model.use_remove_padding=True', 'actor_rollout_ref.actor.ppo_mini_batch_size=256', 'actor_rollout_ref.actor.ppo_micro_batch_size_per_gpu=2', 'actor_rollout_ref.actor.use_kl_loss=True', 'actor_rollout_ref.actor.kl_loss_coef=0.0001', 'actor_rollout_ref.actor.entropy_coeff=0.001', 'actor_rollout_ref.actor.clip_ratio=0.2', 'actor_rollout_ref.actor.kl_loss_type=low_var_kl', 'actor_rollout_ref.model.enable_gradient_checkpointing=True', 'actor_rollout_ref.actor.fsdp_config.param_offload=False', 'actor_rollout_ref.actor.fsdp_config.grad_offload=False', 'actor_rollout_ref.actor.fsdp_config.optimizer_offload=False', 'actor_rollout_ref.rollout.temperature=1.0', 'actor_rollout_ref.rollout.log_prob_micro_batch_size=160', 'actor_rollout_ref.rollout.tensor_model_parallel_size=2', 'actor_rollout_ref.rollout.name=vllm', 'actor_rollout_ref.rollout.gpu_memory_utilization=0.75', 'actor_rollout_ref.rollout.n=8', 'actor_rollout_ref.rollout.enable_chunked_prefill=False', 'actor_rollout_ref.rollout.max_num_batched_tokens=10216', 'actor_rollout_ref.rollout.micro_rollout_batch_size=1024', 'actor_rollout_ref.ref.log_prob_micro_batch_size=160', 'actor_rollout_ref.ref.fsdp_config.param_offload=True', 'algorithm.kl_ctrl.kl_coef=0.001', 'critic.ppo_micro_batch_size_per_gpu=4', 'trainer.critic_warmup=0', 'trainer.logger=[console,wandb]', 'trainer.project_name=simplerl-math-grpo', 'trainer.remove_previous_ckpt=False', 'trainer.experiment_name=v1_Qwen_Qwen2.5-0.5B_max_response8192_batch1024_rollout8_klcoef0.0001_entcoef0.001_simplelr_math_35', 'trainer.n_gpus_per_node=8', 'trainer.nnodes=1', 'trainer.remove_clip=False', 'trainer.save_freq=5', 'trainer.test_freq=5', 'trainer.default_local_dir=/workspace/simpleRL-reason/checkpoints/v1_Qwen_Qwen2.5-0.5B_max_response8192_batch1024_rollout8_klcoef0.0001_entcoef0.001_simplelr_math_35', 'trainer.total_epochs=20']
[36m(WorkerDict pid=13337)[0m Number of available GPUs: 0
[36m(WorkerDict pid=13337)[0m Exception raised in creation task: The actor died because of an error raised in its creation task, [36mray::t1BZUKWorkerDict_0:6:WorkerDict.__init__()[39m (pid=13337, ip=172.19.0.2, actor_id=f0f9b83494881c7ee93c3c5303000000, repr=<verl.single_controller.ray.base.WorkerDict object at 0x7c513be26ef0>)
[36m(WorkerDict pid=13337)[0m   File "/tmp/ray/session_2025-03-28_05-27-05_881619_4076/runtime_resources/working_dir_files/_ray_pkg_10d1684906173051/verl/single_controller/ray/base.py", line 451, in __init__
[36m(WorkerDict pid=13337)[0m     self.worker_dict[key] = user_defined_cls(*init_args_dict[key].get('args', ()),
[36m(WorkerDict pid=13337)[0m   File "/tmp/ray/session_2025-03-28_05-27-05_881619_4076/runtime_resources/working_dir_files/_ray_pkg_10d1684906173051/verl/workers/fsdp_workers.py", line 92, in __init__
[36m(WorkerDict pid=13337)[0m     torch.cuda.set_device(0)
[36m(WorkerDict pid=13337)[0m   File "/workspace/simpleRL-reason/env/lib/python3.10/site-packages/torch/cuda/__init__.py", line 476, in set_device
[36m(WorkerDict pid=13337)[0m     torch._C._cuda_setDevice(device)
[36m(WorkerDict pid=13337)[0m   File "/workspace/simpleRL-reason/env/lib/python3.10/site-packages/torch/cuda/__init__.py", line 319, in _lazy_init
[36m(WorkerDict pid=13337)[0m     torch._C._cuda_init()
[36m(WorkerDict pid=13337)[0m RuntimeError: No CUDA GPUs are available
[36m(pid=13335)[0m rank: 4, worker_group_prefix: t1BZUK
[36m(pid=13335)[0m rank: 4, worker_group_prefix: t1BZUK
[36m(pid=13332)[0m rank: 1, worker_group_prefix: t1BZUK
[36m(pid=13332)[0m rank: 1, worker_group_prefix: t1BZUK
[36m(pid=13335)[0m rank: 4, worker_group_prefix: t1BZUK
[36m(pid=13335)[0m registering register_center: t1BZUK_register_center
[36m(WorkerDict pid=13335)[0m LOCAL_RANK: 0
[36m(WorkerDict pid=13335)[0m RANK: 4
[36m(WorkerDict pid=13335)[0m WORLD_SIZE: 8
[36m(WorkerDict pid=13335)[0m MASTER_ADDR: 172.19.0.2
[36m(WorkerDict pid=13335)[0m MASTER_PORT: 44543
[36m(WorkerDict pid=13335)[0m CUDA_VISIBLE_DEVICES: 4
[36m(WorkerDict pid=13335)[0m Number of available GPUs: 0
[36m(WorkerDict pid=13335)[0m Exception raised in creation task: The actor died because of an error raised in its creation task, [36mray::t1BZUKWorkerDict_0:4:WorkerDict.__init__()[39m (pid=13335, ip=172.19.0.2, actor_id=f3007727c4d0f8820bd9acc003000000, repr=<verl.single_controller.ray.base.WorkerDict object at 0x7efb7012af50>)
[36m(WorkerDict pid=13335)[0m   File "/tmp/ray/session_2025-03-28_05-27-05_881619_4076/runtime_resources/working_dir_files/_ray_pkg_10d1684906173051/verl/single_controller/ray/base.py", line 451, in __init__
[36m(WorkerDict pid=13335)[0m     self.worker_dict[key] = user_defined_cls(*init_args_dict[key].get('args', ()),
[36m(WorkerDict pid=13335)[0m   File "/tmp/ray/session_2025-03-28_05-27-05_881619_4076/runtime_resources/working_dir_files/_ray_pkg_10d1684906173051/verl/workers/fsdp_workers.py", line 92, in __init__
[36m(WorkerDict pid=13335)[0m     torch.cuda.set_device(0)
[36m(WorkerDict pid=13335)[0m   File "/workspace/simpleRL-reason/env/lib/python3.10/site-packages/torch/cuda/__init__.py", line 476, in set_device
[36m(WorkerDict pid=13335)[0m     torch._C._cuda_setDevice(device)
[36m(WorkerDict pid=13335)[0m   File "/workspace/simpleRL-reason/env/lib/python3.10/site-packages/torch/cuda/__init__.py", line 319, in _lazy_init
[36m(WorkerDict pid=13335)[0m     torch._C._cuda_init()
[36m(WorkerDict pid=13335)[0m RuntimeError: No CUDA GPUs are available
[36m(pid=13333)[0m rank: 2, worker_group_prefix: t1BZUK
[36m(pid=13333)[0m rank: 2, worker_group_prefix: t1BZUK
[36m(pid=13338)[0m rank: 7, worker_group_prefix: t1BZUK
[36m(pid=13338)[0m rank: 7, worker_group_prefix: t1BZUK
[36m(pid=13332)[0m rank: 1, worker_group_prefix: t1BZUK
[36m(pid=13332)[0m registering register_center: t1BZUK_register_center
[36m(WorkerDict pid=13332)[0m LOCAL_RANK: 0
[36m(WorkerDict pid=13332)[0m RANK: 1
[36m(WorkerDict pid=13332)[0m WORLD_SIZE: 8
[36m(WorkerDict pid=13332)[0m MASTER_ADDR: 172.19.0.2
[36m(WorkerDict pid=13332)[0m MASTER_PORT: 44543
[36m(WorkerDict pid=13332)[0m CUDA_VISIBLE_DEVICES: 1
[36m(WorkerDict pid=13332)[0m Number of available GPUs: 0
[36m(WorkerDict pid=13332)[0m Exception raised in creation task: The actor died because of an error raised in its creation task, [36mray::t1BZUKWorkerDict_0:1:WorkerDict.__init__()[39m (pid=13332, ip=172.19.0.2, actor_id=f4278003a33bb8136ae47df903000000, repr=<verl.single_controller.ray.base.WorkerDict object at 0x7839abf32e60>)
[36m(WorkerDict pid=13332)[0m   File "/tmp/ray/session_2025-03-28_05-27-05_881619_4076/runtime_resources/working_dir_files/_ray_pkg_10d1684906173051/verl/single_controller/ray/base.py", line 451, in __init__
[36m(WorkerDict pid=13332)[0m     self.worker_dict[key] = user_defined_cls(*init_args_dict[key].get('args', ()),
[36m(WorkerDict pid=13332)[0m   File "/tmp/ray/session_2025-03-28_05-27-05_881619_4076/runtime_resources/working_dir_files/_ray_pkg_10d1684906173051/verl/workers/fsdp_workers.py", line 92, in __init__
[36m(WorkerDict pid=13332)[0m     torch.cuda.set_device(0)
[36m(WorkerDict pid=13332)[0m   File "/workspace/simpleRL-reason/env/lib/python3.10/site-packages/torch/cuda/__init__.py", line 476, in set_device
[36m(WorkerDict pid=13332)[0m     torch._C._cuda_setDevice(device)
[36m(WorkerDict pid=13332)[0m   File "/workspace/simpleRL-reason/env/lib/python3.10/site-packages/torch/cuda/__init__.py", line 319, in _lazy_init
[36m(WorkerDict pid=13332)[0m     torch._C._cuda_init()
[36m(WorkerDict pid=13332)[0m RuntimeError: No CUDA GPUs are available
[36m(pid=13333)[0m rank: 2, worker_group_prefix: t1BZUK
[36m(pid=13333)[0m registering register_center: t1BZUK_register_center
[36m(WorkerDict pid=13333)[0m LOCAL_RANK: 0
[36m(WorkerDict pid=13333)[0m RANK: 2
[36m(WorkerDict pid=13333)[0m WORLD_SIZE: 8
[36m(WorkerDict pid=13333)[0m MASTER_ADDR: 172.19.0.2
[36m(WorkerDict pid=13333)[0m MASTER_PORT: 44543
[36m(WorkerDict pid=13333)[0m CUDA_VISIBLE_DEVICES: 2
[36m(WorkerDict pid=13333)[0m Number of available GPUs: 0
[36m(WorkerDict pid=13333)[0m Exception raised in creation task: The actor died because of an error raised in its creation task, [36mray::t1BZUKWorkerDict_0:2:WorkerDict.__init__()[39m (pid=13333, ip=172.19.0.2, actor_id=1e645b858d45d0e598b6efac03000000, repr=<verl.single_controller.ray.base.WorkerDict object at 0x76bf9ff46f50>)
[36m(WorkerDict pid=13333)[0m   File "/tmp/ray/session_2025-03-28_05-27-05_881619_4076/runtime_resources/working_dir_files/_ray_pkg_10d1684906173051/verl/single_controller/ray/base.py", line 451, in __init__
[36m(WorkerDict pid=13333)[0m     self.worker_dict[key] = user_defined_cls(*init_args_dict[key].get('args', ()),
[36m(WorkerDict pid=13333)[0m   File "/tmp/ray/session_2025-03-28_05-27-05_881619_4076/runtime_resources/working_dir_files/_ray_pkg_10d1684906173051/verl/workers/fsdp_workers.py", line 92, in __init__
[36m(WorkerDict pid=13333)[0m     torch.cuda.set_device(0)
[36m(WorkerDict pid=13333)[0m   File "/workspace/simpleRL-reason/env/lib/python3.10/site-packages/torch/cuda/__init__.py", line 476, in set_device
[36m(WorkerDict pid=13333)[0m     torch._C._cuda_setDevice(device)
[36m(WorkerDict pid=13333)[0m   File "/workspace/simpleRL-reason/env/lib/python3.10/site-packages/torch/cuda/__init__.py", line 319, in _lazy_init
[36m(WorkerDict pid=13333)[0m     torch._C._cuda_init()
[36m(WorkerDict pid=13333)[0m RuntimeError: No CUDA GPUs are available
[36m(pid=13336)[0m rank: 5, worker_group_prefix: t1BZUK
[36m(pid=13336)[0m rank: 5, worker_group_prefix: t1BZUK
[36m(pid=13338)[0m rank: 7, worker_group_prefix: t1BZUK
[36m(pid=13338)[0m registering register_center: t1BZUK_register_center
[36m(WorkerDict pid=13338)[0m LOCAL_RANK: 0
[36m(WorkerDict pid=13338)[0m RANK: 7
[36m(WorkerDict pid=13338)[0m WORLD_SIZE: 8
[36m(WorkerDict pid=13338)[0m MASTER_ADDR: 172.19.0.2
[36m(WorkerDict pid=13338)[0m MASTER_PORT: 44543
[36m(WorkerDict pid=13338)[0m CUDA_VISIBLE_DEVICES: 7
[36m(WorkerDict pid=13338)[0m Number of available GPUs: 0
[36m(WorkerDict pid=13338)[0m Exception raised in creation task: The actor died because of an error raised in its creation task, [36mray::t1BZUKWorkerDict_0:7:WorkerDict.__init__()[39m (pid=13338, ip=172.19.0.2, actor_id=2713b0b5b21cc8608b80c33e03000000, repr=<verl.single_controller.ray.base.WorkerDict object at 0x76a48c12efb0>)
[36m(WorkerDict pid=13338)[0m   File "/tmp/ray/session_2025-03-28_05-27-05_881619_4076/runtime_resources/working_dir_files/_ray_pkg_10d1684906173051/verl/single_controller/ray/base.py", line 451, in __init__
[36m(WorkerDict pid=13338)[0m     self.worker_dict[key] = user_defined_cls(*init_args_dict[key].get('args', ()),
[36m(WorkerDict pid=13338)[0m   File "/tmp/ray/session_2025-03-28_05-27-05_881619_4076/runtime_resources/working_dir_files/_ray_pkg_10d1684906173051/verl/workers/fsdp_workers.py", line 92, in __init__
[36m(WorkerDict pid=13338)[0m     torch.cuda.set_device(0)
[36m(WorkerDict pid=13338)[0m   File "/workspace/simpleRL-reason/env/lib/python3.10/site-packages/torch/cuda/__init__.py", line 476, in set_device
[36m(WorkerDict pid=13338)[0m     torch._C._cuda_setDevice(device)
[36m(WorkerDict pid=13338)[0m   File "/workspace/simpleRL-reason/env/lib/python3.10/site-packages/torch/cuda/__init__.py", line 319, in _lazy_init
[36m(WorkerDict pid=13338)[0m     torch._C._cuda_init()
[36m(WorkerDict pid=13338)[0m RuntimeError: No CUDA GPUs are available
[36m(pid=13334)[0m rank: 3, worker_group_prefix: t1BZUK
[36m(pid=13334)[0m rank: 3, worker_group_prefix: t1BZUK
Traceback (most recent call last):
  File "/tmp/ray/session_2025-03-28_05-27-05_881619_4076/runtime_resources/working_dir_files/_ray_pkg_10d1684906173051/verl/trainer/main_ppo.py", line 111, in main
    run_ppo(config)
  File "/tmp/ray/session_2025-03-28_05-27-05_881619_4076/runtime_resources/working_dir_files/_ray_pkg_10d1684906173051/verl/trainer/main_ppo.py", line 119, in run_ppo
    ray.get(main_task.remote(config, compute_score))
  File "/workspace/simpleRL-reason/env/lib/python3.10/site-packages/ray/_private/auto_init_hook.py", line 21, in auto_init_wrapper
    return fn(*args, **kwargs)
  File "/workspace/simpleRL-reason/env/lib/python3.10/site-packages/ray/_private/client_mode_hook.py", line 103, in wrapper
    return func(*args, **kwargs)
  File "/workspace/simpleRL-reason/env/lib/python3.10/site-packages/ray/_private/worker.py", line 2667, in get
    values, debugger_breakpoint = worker.get_objects(object_refs, timeout=timeout)
  File "/workspace/simpleRL-reason/env/lib/python3.10/site-packages/ray/_private/worker.py", line 864, in get_objects
    raise value.as_instanceof_cause()
ray.exceptions.RayTaskError(RayActorError): [36mray::main_task()[39m (pid=12354, ip=172.19.0.2)
  File "/tmp/ray/session_2025-03-28_05-27-05_881619_4076/runtime_resources/working_dir_files/_ray_pkg_10d1684906173051/verl/trainer/main_ppo.py", line 204, in main_task
    trainer.init_workers()
  File "/tmp/ray/session_2025-03-28_05-27-05_881619_4076/runtime_resources/working_dir_files/_ray_pkg_10d1684906173051/verl/trainer/ppo/ray_trainer.py", line 630, in init_workers
    self.ref_policy_wg.init_model()
  File "/tmp/ray/session_2025-03-28_05-27-05_881619_4076/runtime_resources/working_dir_files/_ray_pkg_10d1684906173051/verl/single_controller/ray/base.py", line 42, in func
    output = ray.get(output)
ray.exceptions.RayActorError: The actor died because of an error raised in its creation task, [36mray::t1BZUKWorkerDict_0:6:WorkerDict.__init__()[39m (pid=13337, ip=172.19.0.2, actor_id=f0f9b83494881c7ee93c3c5303000000, repr=<verl.single_controller.ray.base.WorkerDict object at 0x7c513be26ef0>)
  File "/tmp/ray/session_2025-03-28_05-27-05_881619_4076/runtime_resources/working_dir_files/_ray_pkg_10d1684906173051/verl/single_controller/ray/base.py", line 451, in __init__
    self.worker_dict[key] = user_defined_cls(*init_args_dict[key].get('args', ()),
  File "/tmp/ray/session_2025-03-28_05-27-05_881619_4076/runtime_resources/working_dir_files/_ray_pkg_10d1684906173051/verl/workers/fsdp_workers.py", line 92, in __init__
    torch.cuda.set_device(0)
  File "/workspace/simpleRL-reason/env/lib/python3.10/site-packages/torch/cuda/__init__.py", line 476, in set_device
    torch._C._cuda_setDevice(device)
  File "/workspace/simpleRL-reason/env/lib/python3.10/site-packages/torch/cuda/__init__.py", line 319, in _lazy_init
    torch._C._cuda_init()
RuntimeError: No CUDA GPUs are available

Set the environment variable HYDRA_FULL_ERROR=1 for a complete stack trace.
[36m(pid=13336)[0m rank: 5, worker_group_prefix: t1BZUK
[36m(pid=13336)[0m registering register_center: t1BZUK_register_center
[36m(WorkerDict pid=13336)[0m LOCAL_RANK: 0
[36m(WorkerDict pid=13336)[0m RANK: 5
[36m(WorkerDict pid=13336)[0m WORLD_SIZE: 8
[36m(WorkerDict pid=13336)[0m MASTER_ADDR: 172.19.0.2
[36m(WorkerDict pid=13336)[0m MASTER_PORT: 44543
[36m(WorkerDict pid=13336)[0m CUDA_VISIBLE_DEVICES: 5
[36m(WorkerDict pid=13336)[0m Number of available GPUs: 0
[36m(WorkerDict pid=13336)[0m Exception raised in creation task: The actor died because of an error raised in its creation task, [36mray::t1BZUKWorkerDict_0:5:WorkerDict.__init__()[39m (pid=13336, ip=172.19.0.2, actor_id=06490dcfffa98e2a656e25f803000000, repr=<verl.single_controller.ray.base.WorkerDict object at 0x7f654402ef80>)
[36m(WorkerDict pid=13336)[0m   File "/tmp/ray/session_2025-03-28_05-27-05_881619_4076/runtime_resources/working_dir_files/_ray_pkg_10d1684906173051/verl/single_controller/ray/base.py", line 451, in __init__
[36m(WorkerDict pid=13336)[0m     self.worker_dict[key] = user_defined_cls(*init_args_dict[key].get('args', ()),
[36m(WorkerDict pid=13336)[0m   File "/tmp/ray/session_2025-03-28_05-27-05_881619_4076/runtime_resources/working_dir_files/_ray_pkg_10d1684906173051/verl/workers/fsdp_workers.py", line 92, in __init__
[36m(WorkerDict pid=13336)[0m     torch.cuda.set_device(0)
[36m(WorkerDict pid=13336)[0m   File "/workspace/simpleRL-reason/env/lib/python3.10/site-packages/torch/cuda/__init__.py", line 476, in set_device
[36m(WorkerDict pid=13336)[0m     torch._C._cuda_setDevice(device)
[36m(WorkerDict pid=13336)[0m   File "/workspace/simpleRL-reason/env/lib/python3.10/site-packages/torch/cuda/__init__.py", line 319, in _lazy_init
[36m(WorkerDict pid=13336)[0m     torch._C._cuda_init()
[36m(WorkerDict pid=13336)[0m RuntimeError: No CUDA GPUs are available
[36m(pid=13334)[0m rank: 3, worker_group_prefix: t1BZUK
[36m(pid=13334)[0m registering register_center: t1BZUK_register_center
[36m(WorkerDict pid=13334)[0m LOCAL_RANK: 0
[36m(WorkerDict pid=13334)[0m RANK: 3
[36m(WorkerDict pid=13334)[0m WORLD_SIZE: 8
[36m(WorkerDict pid=13334)[0m MASTER_ADDR: 172.19.0.2
[36m(WorkerDict pid=13334)[0m MASTER_PORT: 44543
[36m(WorkerDict pid=13334)[0m CUDA_VISIBLE_DEVICES: 3
[36m(WorkerDict pid=13334)[0m Number of available GPUs: 0
[36m(WorkerDict pid=13334)[0m Exception raised in creation task: The actor died because of an error raised in its creation task, [36mray::t1BZUKWorkerDict_0:3:WorkerDict.__init__()[39m (pid=13334, ip=172.19.0.2, actor_id=1ba7097b06d11d197fd7908b03000000, repr=<verl.single_controller.ray.base.WorkerDict object at 0x7d58c283aef0>)
[36m(WorkerDict pid=13334)[0m   File "/tmp/ray/session_2025-03-28_05-27-05_881619_4076/runtime_resources/working_dir_files/_ray_pkg_10d1684906173051/verl/single_controller/ray/base.py", line 451, in __init__
[36m(WorkerDict pid=13334)[0m     self.worker_dict[key] = user_defined_cls(*init_args_dict[key].get('args', ()),
[36m(WorkerDict pid=13334)[0m   File "/tmp/ray/session_2025-03-28_05-27-05_881619_4076/runtime_resources/working_dir_files/_ray_pkg_10d1684906173051/verl/workers/fsdp_workers.py", line 92, in __init__
[36m(WorkerDict pid=13334)[0m     torch.cuda.set_device(0)
[36m(WorkerDict pid=13334)[0m   File "/workspace/simpleRL-reason/env/lib/python3.10/site-packages/torch/cuda/__init__.py", line 476, in set_device
[36m(WorkerDict pid=13334)[0m     torch._C._cuda_setDevice(device)
[36m(WorkerDict pid=13334)[0m   File "/workspace/simpleRL-reason/env/lib/python3.10/site-packages/torch/cuda/__init__.py", line 319, in _lazy_init
[36m(WorkerDict pid=13334)[0m     torch._C._cuda_init()
[36m(WorkerDict pid=13334)[0m RuntimeError: No CUDA GPUs are available






[36m(WorkerDict pid=30551)[0m [rank2]:[E328 19:19:34.475689475 ProcessGroupNCCL.cpp:1515] [PG 11 Rank 0] Process group watchdog thread terminated with exception: CUDA error: an illegal memory access was encountered
[36m(WorkerDict pid=30551)[0m CUDA kernel errors might be asynchronously reported at some other API call, so the stacktrace below might be incorrect.
[36m(WorkerDict pid=30551)[0m For debugging consider passing CUDA_LAUNCH_BLOCKING=1
[36m(WorkerDict pid=30551)[0m Compile with `TORCH_USE_CUDA_DSA` to enable device-side assertions.
[36m(WorkerDict pid=30551)[0m 
[36m(WorkerDict pid=30551)[0m Exception raised from c10_cuda_check_implementation at ../c10/cuda/CUDAException.cpp:43 (most recent call first):
[36m(WorkerDict pid=30551)[0m frame #0: c10::Error::Error(c10::SourceLocation, std::string) + 0x96 (0x7bb0a2177f86 in /workspace/simpleRL-reason/env/lib/python3.10/site-packages/torch/lib/libc10.so)
[36m(WorkerDict pid=30551)[0m frame #1: c10::detail::torchCheckFail(char const*, char const*, unsigned int, std::string const&) + 0x64 (0x7bb0a2126d10 in /workspace/simpleRL-reason/env/lib/python3.10/site-packages/torch/lib/libc10.so)
[36m(WorkerDict pid=30551)[0m frame #2: c10::cuda::c10_cuda_check_implementation(int, char const*, char const*, int, bool) + 0x118 (0x7bb0a3ea6f08 in /workspace/simpleRL-reason/env/lib/python3.10/site-packages/torch/lib/libc10_cuda.so)
[36m(WorkerDict pid=30551)[0m frame #3: c10d::ProcessGroupNCCL::WorkNCCL::finishedGPUExecutionInternal() const + 0x56 (0x7b80cb9c33e6 in /workspace/simpleRL-reason/env/lib/python3.10/site-packages/torch/lib/libtorch_cuda.so)
[36m(WorkerDict pid=30551)[0m frame #4: c10d::ProcessGroupNCCL::WorkNCCL::isCompleted() + 0xa0 (0x7b80cb9c8600 in /workspace/simpleRL-reason/env/lib/python3.10/site-packages/torch/lib/libtorch_cuda.so)
[36m(WorkerDict pid=30551)[0m frame #5: c10d::ProcessGroupNCCL::watchdogHandler() + 0x1da (0x7b80cb9cf2ba in /workspace/simpleRL-reason/env/lib/python3.10/site-packages/torch/lib/libtorch_cuda.so)
[36m(WorkerDict pid=30551)[0m frame #6: c10d::ProcessGroupNCCL::ncclCommWatchdog() + 0x10c (0x7b80cb9d16fc in /workspace/simpleRL-reason/env/lib/python3.10/site-packages/torch/lib/libtorch_cuda.so)
[36m(WorkerDict pid=30551)[0m frame #7: <unknown function> + 0xdbbf4 (0x7bb0c3cdbbf4 in /workspace/simpleRL-reason/env/bin/../lib/libstdc++.so.6)
[36m(WorkerDict pid=30551)[0m frame #8: <unknown function> + 0x94ac3 (0x7bb0c5e18ac3 in /lib/x86_64-linux-gnu/libc.so.6)
[36m(WorkerDict pid=30551)[0m frame #9: clone + 0x44 (0x7bb0c5ea9a04 in /lib/x86_64-linux-gnu/libc.so.6)
[36m(WorkerDict pid=30551)[0m 
[36m(WorkerDict pid=30551)[0m [2025-03-28 19:19:34,206 E 30551 32197] logging.cc:97: Unhandled exception: N3c1016DistBackendErrorE. what(): [PG 11 Rank 0] Process group watchdog thread terminated with exception: CUDA error: an illegal memory access was encountered
[36m(WorkerDict pid=30551)[0m CUDA kernel errors might be asynchronously reported at some other API call, so the stacktrace below might be incorrect.
[36m(WorkerDict pid=30551)[0m For debugging consider passing CUDA_LAUNCH_BLOCKING=1
[36m(WorkerDict pid=30551)[0m Compile with `TORCH_USE_CUDA_DSA` to enable device-side assertions.
[36m(WorkerDict pid=30551)[0m 
[36m(WorkerDict pid=30551)[0m Exception raised from c10_cuda_check_implementation at ../c10/cuda/CUDAException.cpp:43 (most recent call first):
[36m(WorkerDict pid=30551)[0m frame #0: c10::Error::Error(c10::SourceLocation, std::string) + 0x96 (0x7bb0a2177f86 in /workspace/simpleRL-reason/env/lib/python3.10/site-packages/torch/lib/libc10.so)
[36m(WorkerDict pid=30551)[0m frame #1: c10::detail::torchCheckFail(char const*, char const*, unsigned int, std::string const&) + 0x64 (0x7bb0a2126d10 in /workspace/simpleRL-reason/env/lib/python3.10/site-packages/torch/lib/libc10.so)
[36m(WorkerDict pid=30551)[0m frame #2: c10::cuda::c10_cuda_check_implementation(int, char const*, char const*, int, bool) + 0x118 (0x7bb0a3ea6f08 in /workspace/simpleRL-reason/env/lib/python3.10/site-packages/torch/lib/libc10_cuda.so)
[36m(WorkerDict pid=30551)[0m frame #3: c10d::ProcessGroupNCCL::WorkNCCL::finishedGPUExecutionInternal() const + 0x56 (0x7b80cb9c33e6 in /workspace/simpleRL-reason/env/lib/python3.10/site-packages/torch/lib/libtorch_cuda.so)
[36m(WorkerDict pid=30551)[0m frame #4: c10d::ProcessGroupNCCL::WorkNCCL::isCompleted() + 0xa0 (0x7b80cb9c8600 in /workspace/simpleRL-reason/env/lib/python3.10/site-packages/torch/lib/libtorch_cuda.so)
[36m(WorkerDict pid=30551)[0m frame #5: c10d::ProcessGroupNCCL::watchdogHandler() + 0x1da (0x7b80cb9cf2ba in /workspace/simpleRL-reason/env/lib/python3.10/site-packages/torch/lib/libtorch_cuda.so)
[36m(WorkerDict pid=30551)[0m frame #6: c10d::ProcessGroupNCCL::ncclCommWatchdog() + 0x10c (0x7b80cb9d16fc in /workspace/simpleRL-reason/env/lib/python3.10/site-packages/torch/lib/libtorch_cuda.so)
[36m(WorkerDict pid=30551)[0m frame #7: <unknown function> + 0xdbbf4 (0x7bb0c3cdbbf4 in /workspace/simpleRL-reason/env/bin/../lib/libstdc++.so.6)
[36m(WorkerDict pid=30551)[0m frame #8: <unknown function> + 0x94ac3 (0x7bb0c5e18ac3 in /lib/x86_64-linux-gnu/libc.so.6)
[36m(WorkerDict pid=30551)[0m frame #9: clone + 0x44 (0x7bb0c5ea9a04 in /lib/x86_64-linux-gnu/libc.so.6)
[36m(WorkerDict pid=30551)[0m 
[36m(WorkerDict pid=30551)[0m Exception raised from ncclCommWatchdog at ../torch/csrc/distributed/c10d/ProcessGroupNCCL.cpp:1521 (most recent call first):
[36m(WorkerDict pid=30551)[0m frame #0: c10::Error::Error(c10::SourceLocation, std::string) + 0x96 (0x7bb0a2177f86 in /workspace/simpleRL-reason/env/lib/python3.10/site-packages/torch/lib/libc10.so)
[36m(WorkerDict pid=30551)[0m frame #1: <unknown function> + 0xe5aa84 (0x7b80cb65aa84 in /workspace/simpleRL-reason/env/lib/python3.10/site-packages/torch/lib/libtorch_cuda.so)
[36m(WorkerDict pid=30551)[0m frame #2: <unknown function> + 0xdbbf4 (0x7bb0c3cdbbf4 in /workspace/simpleRL-reason/env/bin/../lib/libstdc++.so.6)
[36m(WorkerDict pid=30551)[0m frame #3: <unknown function> + 0x94ac3 (0x7bb0c5e18ac3 in /lib/x86_64-linux-gnu/libc.so.6)
[36m(WorkerDict pid=30551)[0m frame #4: clone + 0x44 (0x7bb0c5ea9a04 in /lib/x86_64-linux-gnu/libc.so.6)
[36m(WorkerDict pid=30551)[0m 
[36m(WorkerDict pid=30551)[0m [2025-03-28 19:19:34,395 E 30551 32197] logging.cc:104: Stack trace: 
[36m(WorkerDict pid=30551)[0m  /workspace/simpleRL-reason/env/lib/python3.10/site-packages/ray/_raylet.so(+0xfe543a) [0x7bb0c4fe543a] ray::operator<<()
[36m(WorkerDict pid=30551)[0m /workspace/simpleRL-reason/env/lib/python3.10/site-packages/ray/_raylet.so(+0xfe7b78) [0x7bb0c4fe7b78] ray::TerminateHandler()
[36m(WorkerDict pid=30551)[0m /workspace/simpleRL-reason/env/bin/../lib/libstdc++.so.6(+0xb135a) [0x7bb0c3cb135a] __cxxabiv1::__terminate()
[36m(WorkerDict pid=30551)[0m /workspace/simpleRL-reason/env/bin/../lib/libstdc++.so.6(+0xb13c5) [0x7bb0c3cb13c5]
[36m(WorkerDict pid=30551)[0m /workspace/simpleRL-reason/env/bin/../lib/libstdc++.so.6(+0xb134f) [0x7bb0c3cb134f]
[36m(WorkerDict pid=30551)[0m /workspace/simpleRL-reason/env/lib/python3.10/site-packages/torch/lib/libtorch_cuda.so(+0xe5ab35) [0x7b80cb65ab35] c10d::ProcessGroupNCCL::ncclCommWatchdog()
[36m(WorkerDict pid=30551)[0m /workspace/simpleRL-reason/env/bin/../lib/libstdc++.so.6(+0xdbbf4) [0x7bb0c3cdbbf4] execute_native_thread_routine
[36m(WorkerDict pid=30551)[0m /lib/x86_64-linux-gnu/libc.so.6(+0x94ac3) [0x7bb0c5e18ac3]
[36m(WorkerDict pid=30551)[0m /lib/x86_64-linux-gnu/libc.so.6(clone+0x44) [0x7bb0c5ea9a04] __clone
[36m(WorkerDict pid=30551)[0m 
[36m(WorkerDict pid=30551)[0m *** SIGABRT received at time=1743189574 on cpu 59 ***
[36m(WorkerDict pid=30551)[0m PC: @     0x7bb0c5e1a9fc  (unknown)  pthread_kill
[36m(WorkerDict pid=30551)[0m     @     0x7bb0c5dc6520  (unknown)  (unknown)
[36m(WorkerDict pid=30551)[0m [2025-03-28 19:19:34,396 E 30551 32197] logging.cc:361: *** SIGABRT received at time=1743189574 on cpu 59 ***
[36m(WorkerDict pid=30551)[0m [2025-03-28 19:19:34,396 E 30551 32197] logging.cc:361: PC: @     0x7bb0c5e1a9fc  (unknown)  pthread_kill
[36m(WorkerDict pid=30551)[0m [2025-03-28 19:19:34,396 E 30551 32197] logging.cc:361:     @     0x7bb0c5dc6520  (unknown)  (unknown)
[36m(WorkerDict pid=30551)[0m Fatal Python error: Aborted
[36m(WorkerDict pid=30551)[0m 
[36m(WorkerDict pid=30551)[0m 
[36m(WorkerDict pid=30551)[0m Extension modules: msgpack._cmsgpack, google._upb._message, psutil._psutil_linux, psutil._psutil_posix, setproctitle, yaml._yaml, charset_normalizer.md, requests.packages.charset_normalizer.md, requests.packages.chardet.md, uvloop.loop, ray._raylet, numpy.core._multiarray_umath, numpy.core._multiarray_tests, numpy.linalg._umath_linalg, numpy.fft._pocketfft_internal, numpy.random._common, numpy.random.bit_generator, numpy.random._bounded_integers, numpy.random._mt19937, numpy.random.mtrand, numpy.random._philox, numpy.random._pcg64, numpy.random._sfc64, numpy.random._generator, pyarrow.lib, pandas._libs.tslibs.ccalendar, pandas._libs.tslibs.np_datetime, pandas._libs.tslibs.dtypes, pandas._libs.tslibs.base, pandas._libs.tslibs.nattype, pandas._libs.tslibs.timezones, pandas._libs.tslibs.fields, pandas._libs.tslibs.timedeltas, pandas._libs.tslibs.tzconversion, pandas._libs.tslibs.timestamps, pandas._libs.properties, pandas._libs.tslibs.offsets, pandas._libs.tslibs.strptime, pandas._libs.tslibs.parsing, pandas._libs.tslibs.conversion, pandas._libs.tslibs.period, pandas._libs.tslibs.vectorized, pandas._libs.ops_dispatch, pandas._libs.missing, pandas._libs.hashtable, pandas._libs.algos, pandas._libs.interval, pandas._libs.lib, pyarrow._compute, pandas._libs.ops, pandas._libs.hashing, pandas._libs.arrays, pandas._libs.tslib, pandas._libs.sparse, pandas._libs.internals, pandas._libs.indexing, pandas._libs.index, pandas._libs.writers, pandas._libs.join, pandas._libs.window.aggregations, pandas._libs.window.indexers, pandas._libs.reshape, pandas._libs.groupby, pandas._libs.json, pandas._libs.parsers, pandas._libs.testing, torch._C, torch._C._fft, torch._C._linalg, torch._C._nested, torch._C._nn, torch._C._sparse, torch._C._special, markupsafe._speedups, PIL._imaging, sentencepiece._sentencepiece, PIL._imagingft, msgspec._core, regex._regex, multidict._multidict, yarl._quoting_c, propcache._helpers_c, aiohttp._http_writer, aiohttp._http_parser, aiohttp._websocket.mask, aiohttp._websocket.reader_c, frozenlist._frozenlist, pyarrow._json, zmq.backend.cython._zmq, cuda_utils, __triton_launcher (total: 91)
[36m(main_task pid=30031)[0m wandb: uploading output.log
[36m(main_task pid=30031)[0m wandb:                                                                                
[36m(main_task pid=30031)[0m wandb: 
[36m(main_task pid=30031)[0m wandb: Run history:
[36m(main_task pid=30031)[0m wandb:                  actor/entropy_loss ███▇▆▅▄▃▃▃▂▂▂▂▂▂▂▁▂▁▁▁▁▁▁▁▁▁▁▁▁▁▁▁▁▁▁▁▁▁
[36m(main_task pid=30031)[0m wandb:                     actor/grad_norm █▆▅█▄▃▂▃▂▂▁▂▁▂▂▁▁▁▁▂▂▂▂▂▁▂▂▂▂▂▂▃▃▃▃▃▃▃▃▃
[36m(main_task pid=30031)[0m wandb:                       actor/kl_coef ▁▁▁▁▁▁▁▁▁▁▁▁▁▁▁▁▁▁▁▁▁▁▁▁▁▁▁▁▁▁▁▁▁▁▁▁▁▁▁▁
[36m(main_task pid=30031)[0m wandb:                       actor/kl_loss ▁▁▁▁▁▂▂▂▂▄▃▅▂▂▃▅▃▂▂▆▃▃▄▅▄▄▄▅▄▇▅▅▃█▄▅▄▄▄▄
[36m(main_task pid=30031)[0m wandb:                            actor/lr ▁▁▁▁▁▁▁▁▁▁▁▁▁▁▁▁▁▁▁▁▁▁▁▁▁▁▁▁▁▁▁▁▁▁▁▁▁▁▁▁
[36m(main_task pid=30031)[0m wandb:                   actor/pg_clipfrac ▁▃▃▆▃▆▆▅▅▆▅▅▅▆▅▅▆▆▅▆▅▅▆▆▆▆▇▇█▆▆█▆▇▇█▇█▆█
[36m(main_task pid=30031)[0m wandb:                       actor/pg_loss ▄▆▃▄█▅▂▃▃▄█▄█▅▆▃▆▄▅▃▆█▇▆▃▆▂▅▂▅▇▅▁▃▄▁▆▃▁▃
[36m(main_task pid=30031)[0m wandb:                        actor/ppo_kl █▂▃▅▃▆▄▅▅▄▄▄▃▃▄▃▃▅▃▄▆▃▁▄▄▅▃▂▄▄▃▄▃▄▄▃▃▁▄▂
[36m(main_task pid=30031)[0m wandb:               critic/advantages/max ▁▁▁▁▁▁▁▁▁▁▁▁▁▁▁▁▁▁▁▁▁▁▁▁▁▁▁▁▁▁▁▁▁▁▁▁▁▁▁▁
[36m(main_task pid=30031)[0m wandb:              critic/advantages/mean █▇▆▇▅▅▃▆▃▃▂▄▂▂▃▂▁▁▃▂▁▂▄▂▃▄▃▃▃▂▄▅▂▅▃▄▄▅▄▅
[36m(main_task pid=30031)[0m wandb:               critic/advantages/min █▁█▁▁▁▁▁▁▁▁▁▁▁▁▁▁▁▁▁▁▁▁▁▁▁▁▁▁▁▁▁▁▁▁▁▁▁▁▁
[36m(main_task pid=30031)[0m wandb:                  critic/returns/max ▁▁▁▁▁▁▁▁▁▁▁▁▁▁▁▁▁▁▁▁▁▁▁▁▁▁▁▁▁▁▁▁▁▁▁▁▁▁▁▁
[36m(main_task pid=30031)[0m wandb:                 critic/returns/mean █▇▆▇▅▅▃▆▃▃▂▄▂▂▃▂▁▁▃▃▂▄▂▃▄▃▃▃▂▃▅▂▅▄▄▅▄▅▄▄
[36m(main_task pid=30031)[0m wandb:                  critic/returns/min ██▁█▁▁▁▁▁▁▁▁▁▁▁▁▁▁▁▁▁▁▁▁▁▁▁▁▁▁▁▁▁▁▁▁▁▁▁▁
[36m(main_task pid=30031)[0m wandb:                  critic/rewards/max ▁▁▁▁▁▁▁▁▁▁▁▁▁▁▁▁▁▁▁▁▁▁▁▁▁▁▁▁▁▁▁▁▁▁▁▁▁▁▁▁
[36m(main_task pid=30031)[0m wandb:                 critic/rewards/mean ▁▁▁▁▂▃▃▃▄▅▅▅▅▅▆▆▆▆▆▆▆▇▇▇▇▇▇▇▇█▇██▇█▇████
[36m(main_task pid=30031)[0m wandb:                  critic/rewards/min ▁▁▁▁▁▁▁▁▁▁▁▁▁▁▁▁▁▁▁▁▁▁▁▁▁▁▁▁▁▁▁▁▁▁▁▁▁▁▁▁
[36m(main_task pid=30031)[0m wandb:                    critic/score/max ▁▁▁▁▁▁▁▁▁▁▁▁▁▁▁▁▁▁▁▁▁▁▁▁▁▁▁▁▁▁▁▁▁▁▁▁▁▁▁▁
[36m(main_task pid=30031)[0m wandb:                   critic/score/mean ▁▁▁▂▂▃▃▄▅▅▅▅▅▆▆▆▆▆▆▆▆▇▇▇▇▇▇▇▇█▇██▇█▇████
[36m(main_task pid=30031)[0m wandb:                    critic/score/min ▁▁▁▁▁▁▁▁▁▁▁▁▁▁▁▁▁▁▁▁▁▁▁▁▁▁▁▁▁▁▁▁▁▁▁▁▁▁▁▁
[36m(main_task pid=30031)[0m wandb: filtered_response_length/clip_ratio ▇██▇▇▄▃▃▃▃▂▂▂▂▂▁▁▂▁▁▁▂▁▁▂▁▁▁▂▁▁▂▁▁▁▁▁▁▁▁
[36m(main_task pid=30031)[0m wandb:        filtered_response_length/max ▁▁▁▁▁▁▁▁▁▁▁▁▁▁▁▁▁▁▁▁▁▁▁▁▁▁▁▁▁▁▁▁▁▁▁▁▁▁▁▁
[36m(main_task pid=30031)[0m wandb:       filtered_response_length/mean █▇▇█▇▆▅▅▅▅▄▅▄▄▃▃▃▃▃▃▃▂▂▂▂▂▂▂▂▂▂▂▂▁▂▁▁▁▁▁
[36m(main_task pid=30031)[0m wandb:        filtered_response_length/min ▁▁▁▁▁▁▁▁▁▁▁▁▁▁▃▁▁▃▅▂▃▂▅▃▆█▄▃▅▇▅▃▇▅▆█▇▃▇▃
[36m(main_task pid=30031)[0m wandb:          global_seqlen/balanced_max █▇▇█▇▆▅▅▅▅▄▄▄▄▃▃▃▃▃▃▃▃▂▂▂▂▂▂▂▁▂▂▂▁▂▂▁▁▁▁
[36m(main_task pid=30031)[0m wandb:          global_seqlen/balanced_min █▇▇█▇▇▆▅▅▅▅▄▄▄▄▃▃▃▃▃▃▂▂▂▂▂▁▂▂▂▂▂▂▂▁▁▁▁▁▁
[36m(main_task pid=30031)[0m wandb:                   global_seqlen/max █▇▇▇▇▆▆▆▅▄▅▅▆▄▄▄▄▃▃▃▃▃▂▃▃▂▃▃▂▂▂▂▂▂▂▂▁▁▁▂
[36m(main_task pid=30031)[0m wandb:                  global_seqlen/mean █▇█▇▇▆▅▅▅▅▄▄▄▃▃▃▃▃▃▃▃▂▂▂▂▁▂▂▂▁▂▂▂▁▂▂▁▁▁▁
[36m(main_task pid=30031)[0m wandb:                   global_seqlen/min █▆▆██▇▆▄▅▅▅▄▄▄▄▃▃▃▃▃▃▃▂▂▂▂▂▂▂▂▂▂▂▁▂▂▂▁▁▁
[36m(main_task pid=30031)[0m wandb:           global_seqlen/minmax_diff ▅▆▆▃▂▄█▃▃▃▅▇▃▃▃▅▃▄▅▃▆▃▃▄▃▅▄▃▃▄▂▃▁▅▁▄▁▃▃▄
[36m(main_task pid=30031)[0m wandb:                           mfu/actor █▆█▆▇▅▄▅▅▆▄▄▄▄▄▄▃▃▄▃▃▄▂▂▃▂▃▃▃▂▃▂▃▂▂▂▂▁▁▁
[36m(main_task pid=30031)[0m wandb:            prompt_length/clip_ratio ▁▁▁▁▁▁▁▁▁▁▁▁▁▁▁▁▁▁▁▁▁▁▁▁▁▁▁▁▁▁▁▁▁▁▁▁▁▁▁▁
[36m(main_task pid=30031)[0m wandb:                   prompt_length/max ▄█▆▅▄▅▄▅▅▄█▄▄▁▅█▄▃▅▄▅▄█▅▄▆▃▅█▆▅▅▄▁█▆▃▂▄▅
[36m(main_task pid=30031)[0m wandb:                  prompt_length/mean ▅▄▅▅▅▆▄▄▅▆▆▆▃▃▄▅█▄▇▆▆▄▅▄▄▅▁▅▅▄▆▆▇▅▄▅▄▅▄▅
[36m(main_task pid=30031)[0m wandb:                   prompt_length/min ▃▁▆▆▆▃▃▆▃▆▃▆▆▆▃▆▆▁█▆▆▃▆▆▆▃▁▆▃▆▆▃█▁█▆▃█▃▃
[36m(main_task pid=30031)[0m wandb:          response_length/clip_ratio █▇▇▇▆▅▄▃▃▃▃▂▂▂▂▁▁▁▂▁▂▁▂▁▁▁▁▁▂▁▁▁▁▁▁▁▁▁▁▁
[36m(main_task pid=30031)[0m wandb:                 response_length/max ▁▁▁▁▁▁▁▁▁▁▁▁▁▁▁▁▁▁▁▁▁▁▁▁▁▁▁▁▁▁▁▁▁▁▁▁▁▁▁▁
[36m(main_task pid=30031)[0m wandb:                response_length/mean █▇█▇▇▆▅▅▅▅▅▄▄▃▃▃▃▃▃▃▃▂▂▂▂▂▂▂▂▂▂▂▂▁▂▁▁▁▁▁
[36m(main_task pid=30031)[0m wandb:                 response_length/min ▁▁▁▁▁▁▁▁▁▁▁▁▁▁▃▁▁▁▃▅▁▃▂▅▃▆█▄▃▅▇▃▇▅▆█▇▃▇▃
[36m(main_task pid=30031)[0m wandb:             timing_per_token_ms/adv ▄▄▂▃▃▃▂▂▃▁▃▂▃▁▂▂▃▂▃▄▄▃▃▄▃▅█▆▂▄▆▃▄▄▃▆▄▃▅▅
[36m(main_task pid=30031)[0m wandb:             timing_per_token_ms/gen ▄▆▂▃▂▂▁▆▅▁▃▃▁▄▄▆▅▄▅▅▅▆▆▅▄▆▆▃▅▆▄▄▆█▆▇▄▇▅▆
[36m(main_task pid=30031)[0m wandb:             timing_per_token_ms/ref ▃▄▄▂▄▄▃▄▃▄▄▄▅▄▅▅▆▅▄▄▄▁▄▄▅▅▇▁▇▆▇▇▇▇▆█▆▇▆▅
[36m(main_task pid=30031)[0m wandb:    timing_per_token_ms/update_actor ▁▁▃▁▃▂▃▄▃▃▃▄▄▄▃▄▄▅▅▄▅▅▄▆▆▆▆▅▆▅▇▆▆▆▆▆▆███
[36m(main_task pid=30031)[0m wandb:                        timing_s/adv █▇▆▇▆▅▅▄▄▃▃▄▂▂▃▃▂▂▃▂▂▂▂▂▂▄▃▁▂▁▁▂▂▂▁▃▁▁▂▂
[36m(main_task pid=30031)[0m wandb:                        timing_s/gen ██▆▇▆▅▄▅▅▃▄▄▃▄▄▃▃▂▃▂▃▃▃▂▂▃▂▂▁▂▂▂▂▂▃▁▂▁▂▁
[36m(main_task pid=30031)[0m wandb:               timing_s/old_log_prob █▄▅▅▅▄▄▄▄▄▃▄█▄▃▄▃▃▃▄▂▃▃▃▄▄▁▃▃▃▄▃▄▃▃▃▃▂▃▂
[36m(main_task pid=30031)[0m wandb:                        timing_s/ref ▇██▇█▇▆▆▅▅▆▅▇▆▄▆▄▄▄▅▂▄▄▄▆▅▁▅▅▅▆▆▅▄▅▄▅▄▄▄
[36m(main_task pid=30031)[0m wandb:            timing_s/save_checkpoint █▄▆▁▄▁▇▄▄▃
[36m(main_task pid=30031)[0m wandb:                       timing_s/step ▅▅▄▄█▃▃▃▂▃▃▆▂▂▂▆▂▂▂▂▂▂▂▂▅▂▂▂▅▁▂▁▅▂▂▁▅▁▂▅
[36m(main_task pid=30031)[0m wandb:                    timing_s/testing ▇▆▇▇▆▅▇█▆▁
[36m(main_task pid=30031)[0m wandb:               timing_s/update_actor ▆▃█▄█▆▆▃▄▂▆▅▂▃▃▃▅▃▃▃▃▁▄▄▂▃▂▃▂▄▁▃▃▃▄▃▃▅▅▆
[36m(main_task pid=30031)[0m wandb:  val/test_correctness/simplelr_qwen ▂▁▄▄▅▆█▇█▇█
[36m(main_task pid=30031)[0m wandb:        val/test_score/simplelr_qwen ▂▁▄▄▅▆█▇█▇█
[36m(main_task pid=30031)[0m wandb: 
[36m(main_task pid=30031)[0m wandb: Run summary:
[36m(main_task pid=30031)[0m wandb:                  actor/entropy_loss 0.15366
[36m(main_task pid=30031)[0m wandb:                     actor/grad_norm 0.19438
[36m(main_task pid=30031)[0m wandb:                       actor/kl_coef 0.0001
[36m(main_task pid=30031)[0m wandb:                       actor/kl_loss 0.02268
[36m(main_task pid=30031)[0m wandb:                            actor/lr 0.0
[36m(main_task pid=30031)[0m wandb:                   actor/pg_clipfrac 0.00083
[36m(main_task pid=30031)[0m wandb:                       actor/pg_loss 0.00815
[36m(main_task pid=30031)[0m wandb:                        actor/ppo_kl -3e-05
[36m(main_task pid=30031)[0m wandb:               critic/advantages/max 2.47487
[36m(main_task pid=30031)[0m wandb:              critic/advantages/mean -0.09165
[36m(main_task pid=30031)[0m wandb:               critic/advantages/min -2.47487
[36m(main_task pid=30031)[0m wandb:                  critic/returns/max 2.47487
[36m(main_task pid=30031)[0m wandb:                 critic/returns/mean -0.09165
[36m(main_task pid=30031)[0m wandb:                  critic/returns/min -2.47487
[36m(main_task pid=30031)[0m wandb:                  critic/rewards/max 1
[36m(main_task pid=30031)[0m wandb:                 critic/rewards/mean 0.41565
[36m(main_task pid=30031)[0m wandb:                  critic/rewards/min 0
[36m(main_task pid=30031)[0m wandb:                    critic/score/max 1
[36m(main_task pid=30031)[0m wandb:                   critic/score/mean 0.41565
[36m(main_task pid=30031)[0m wandb:                    critic/score/min 0
[36m(main_task pid=30031)[0m wandb: filtered_response_length/clip_ratio 0.00073
[36m(main_task pid=30031)[0m wandb:        filtered_response_length/max 8192
[36m(main_task pid=30031)[0m wandb:       filtered_response_length/mean 597.57971
[36m(main_task pid=30031)[0m wandb:        filtered_response_length/min 29
[36m(main_task pid=30031)[0m wandb:          global_seqlen/balanced_max 708639
[36m(main_task pid=30031)[0m wandb:          global_seqlen/balanced_min 708638
[36m(main_task pid=30031)[0m wandb:                   global_seqlen/max 773552
[36m(main_task pid=30031)[0m wandb:                  global_seqlen/mean 708638.625
[36m(main_task pid=30031)[0m wandb:                   global_seqlen/min 654941
[36m(main_task pid=30031)[0m wandb:           global_seqlen/minmax_diff 118611
[36m(main_task pid=30031)[0m wandb:                           mfu/actor 0.07097
[36m(main_task pid=30031)[0m wandb:            prompt_length/clip_ratio 0
[36m(main_task pid=30031)[0m wandb:                   prompt_length/max 415
[36m(main_task pid=30031)[0m wandb:                  prompt_length/mean 94.4502
[36m(main_task pid=30031)[0m wandb:                   prompt_length/min 44
[36m(main_task pid=30031)[0m wandb:          response_length/clip_ratio 0.00073
[36m(main_task pid=30031)[0m wandb:                 response_length/max 8192
[36m(main_task pid=30031)[0m wandb:                response_length/mean 597.57971
[36m(main_task pid=30031)[0m wandb:                 response_length/min 29
[36m(main_task pid=30031)[0m wandb:             timing_per_token_ms/adv 0.03228
[36m(main_task pid=30031)[0m wandb:             timing_per_token_ms/gen 0.07407
[36m(main_task pid=30031)[0m wandb:             timing_per_token_ms/ref 0.0028
[36m(main_task pid=30031)[0m wandb:    timing_per_token_ms/update_actor 0.04987
[36m(main_task pid=30031)[0m wandb:                        timing_s/adv 183.01513
[36m(main_task pid=30031)[0m wandb:                        timing_s/gen 362.61655
[36m(main_task pid=30031)[0m wandb:               timing_s/old_log_prob 14.83101
[36m(main_task pid=30031)[0m wandb:                        timing_s/ref 15.8708
[36m(main_task pid=30031)[0m wandb:            timing_s/save_checkpoint 9.89448
[36m(main_task pid=30031)[0m wandb:                       timing_s/step 1098.5834
[36m(main_task pid=30031)[0m wandb:                    timing_s/testing 227.2823
[36m(main_task pid=30031)[0m wandb:               timing_s/update_actor 282.71389
[36m(main_task pid=30031)[0m wandb:  val/test_correctness/simplelr_qwen 0.34476
[36m(main_task pid=30031)[0m wandb:        val/test_score/simplelr_qwen 0.34476
[36m(main_task pid=30031)[0m wandb: 
[36m(main_task pid=30031)[0m wandb: 🚀 View run v1_Qwen_Qwen2.5-0.5B_max_response8192_batch1024_rollout8_klcoef0.0001_entcoef0.001_simplelr_math_35 at: https://wandb.ai/aidando73-personal/simplerl-math-grpo-single-node/runs/fj8uohhr
[36m(main_task pid=30031)[0m wandb: ⭐️ View project at: https://wandb.ai/aidando73-personal/simplerl-math-grpo-single-node
[36m(main_task pid=30031)[0m wandb: Synced 5 W&B file(s), 0 media file(s), 0 artifact file(s) and 0 other file(s)
[36m(main_task pid=30031)[0m wandb: Find logs at: ./wandb/run-20250328_060235-fj8uohhr/logs
Error executing job with overrides: ['algorithm.adv_estimator=grpo', 'data.train_files=/workspace/simpleRL-reason/train.parquet', 'data.val_files=/workspace/simpleRL-reason/test.parquet', 'data.train_batch_size=1024', 'data.val_batch_size=500', 'data.max_prompt_length=1024', 'data.max_response_length=8192', 'actor_rollout_ref.model.path=Qwen/Qwen2.5-0.5B', 'actor_rollout_ref.actor.optim.lr=5e-7', 'actor_rollout_ref.model.use_remove_padding=True', 'actor_rollout_ref.actor.ppo_mini_batch_size=256', 'actor_rollout_ref.actor.ppo_micro_batch_size_per_gpu=2', 'actor_rollout_ref.actor.use_kl_loss=True', 'actor_rollout_ref.actor.kl_loss_coef=0.0001', 'actor_rollout_ref.actor.entropy_coeff=0.001', 'actor_rollout_ref.actor.clip_ratio=0.2', 'actor_rollout_ref.actor.kl_loss_type=low_var_kl', 'actor_rollout_ref.model.enable_gradient_checkpointing=True', 'actor_rollout_ref.actor.fsdp_config.param_offload=False', 'actor_rollout_ref.actor.fsdp_config.grad_offload=False', 'actor_rollout_ref.actor.fsdp_config.optimizer_offload=False', 'actor_rollout_ref.rollout.temperature=1.0', 'actor_rollout_ref.rollout.log_prob_micro_batch_size=160', 'actor_rollout_ref.rollout.tensor_model_parallel_size=2', 'actor_rollout_ref.rollout.name=vllm', 'actor_rollout_ref.rollout.gpu_memory_utilization=0.75', 'actor_rollout_ref.rollout.n=8', 'actor_rollout_ref.rollout.enable_chunked_prefill=False', 'actor_rollout_ref.rollout.max_num_batched_tokens=10216', 'actor_rollout_ref.rollout.micro_rollout_batch_size=1024', 'actor_rollout_ref.ref.log_prob_micro_batch_size=160', 'actor_rollout_ref.ref.fsdp_config.param_offload=True', 'algorithm.kl_ctrl.kl_coef=0.001', 'critic.ppo_micro_batch_size_per_gpu=4', 'trainer.critic_warmup=0', 'trainer.logger=[console,wandb]', 'trainer.project_name=simplerl-math-grpo-single-node', 'trainer.remove_previous_ckpt=False', 'trainer.experiment_name=v1_Qwen_Qwen2.5-0.5B_max_response8192_batch1024_rollout8_klcoef0.0001_entcoef0.001_simplelr_math_35', 'trainer.n_gpus_per_node=8', 'trainer.nnodes=1', 'trainer.remove_clip=False', 'trainer.save_freq=5', 'trainer.test_freq=5', 'trainer.default_local_dir=/workspace/simpleRL-reason/checkpoints/v1_Qwen_Qwen2.5-0.5B_max_response8192_batch1024_rollout8_klcoef0.0001_entcoef0.001_simplelr_math_35', 'trainer.total_epochs=20']
Traceback (most recent call last):
  File "/tmp/ray/session_2025-03-28_05-49-15_928839_3718/runtime_resources/working_dir_files/_ray_pkg_66c14c3c54eba0b3/verl/trainer/main_ppo.py", line 111, in main
    run_ppo(config)
  File "/tmp/ray/session_2025-03-28_05-49-15_928839_3718/runtime_resources/working_dir_files/_ray_pkg_66c14c3c54eba0b3/verl/trainer/main_ppo.py", line 119, in run_ppo
    ray.get(main_task.remote(config, compute_score))
  File "/workspace/simpleRL-reason/env/lib/python3.10/site-packages/ray/_private/auto_init_hook.py", line 21, in auto_init_wrapper
    return fn(*args, **kwargs)
  File "/workspace/simpleRL-reason/env/lib/python3.10/site-packages/ray/_private/client_mode_hook.py", line 103, in wrapper
    return func(*args, **kwargs)
  File "/workspace/simpleRL-reason/env/lib/python3.10/site-packages/ray/_private/worker.py", line 2667, in get
    values, debugger_breakpoint = worker.get_objects(object_refs, timeout=timeout)
  File "/workspace/simpleRL-reason/env/lib/python3.10/site-packages/ray/_private/worker.py", line 864, in get_objects
    raise value.as_instanceof_cause()
ray.exceptions.RayTaskError(RuntimeError): [36mray::main_task()[39m (pid=30031, ip=172.18.0.2)
  File "/tmp/ray/session_2025-03-28_05-49-15_928839_3718/runtime_resources/working_dir_files/_ray_pkg_66c14c3c54eba0b3/verl/trainer/main_ppo.py", line 205, in main_task
    trainer.fit()
  File "/tmp/ray/session_2025-03-28_05-49-15_928839_3718/runtime_resources/working_dir_files/_ray_pkg_66c14c3c54eba0b3/verl/trainer/ppo/ray_trainer.py", line 820, in fit
    gen_batch_output = self.actor_rollout_wg.generate_sequences(gen_batch)
  File "/tmp/ray/session_2025-03-28_05-49-15_928839_3718/runtime_resources/working_dir_files/_ray_pkg_66c14c3c54eba0b3/verl/single_controller/ray/base.py", line 42, in func
    output = ray.get(output)
ray.exceptions.RayTaskError(RuntimeError): [36mray::WorkerDict.actor_rollout_generate_sequences()[39m (pid=30551, ip=172.18.0.2, actor_id=d5f52056d20cff3235d19d1606000000, repr=<verl.single_controller.ray.base.WorkerDict object at 0x7bb012b7c970>)
  File "/workspace/simpleRL-reason/env/lib/python3.10/site-packages/vllm/worker/model_runner.py", line 1708, in execute_model
    output: SamplerOutput = self.model.sample(
  File "/workspace/simpleRL-reason/env/lib/python3.10/site-packages/vllm/model_executor/models/qwen2.py", line 433, in sample
    next_tokens = self.sampler(logits, sampling_metadata)
  File "/workspace/simpleRL-reason/env/lib/python3.10/site-packages/torch/nn/modules/module.py", line 1553, in _wrapped_call_impl
    return self._call_impl(*args, **kwargs)
  File "/workspace/simpleRL-reason/env/lib/python3.10/site-packages/torch/nn/modules/module.py", line 1562, in _call_impl
    return forward_call(*args, **kwargs)
  File "/workspace/simpleRL-reason/env/lib/python3.10/site-packages/vllm/model_executor/layers/sampler.py", line 274, in forward
    maybe_deferred_sample_results, maybe_sampled_tokens_tensor = _sample(
  File "/workspace/simpleRL-reason/env/lib/python3.10/site-packages/vllm/model_executor/layers/sampler.py", line 878, in _sample
    return _sample_with_torch(
  File "/workspace/simpleRL-reason/env/lib/python3.10/site-packages/vllm/model_executor/layers/sampler.py", line 847, in _sample_with_torch
    return get_pythonized_sample_results(
  File "/workspace/simpleRL-reason/env/lib/python3.10/site-packages/vllm/model_executor/layers/sampler.py", line 713, in get_pythonized_sample_results
    sample_results = _random_sample(seq_groups,
  File "/workspace/simpleRL-reason/env/lib/python3.10/site-packages/vllm/model_executor/layers/sampler.py", line 512, in _random_sample
    random_samples = random_samples.cpu()
RuntimeError: CUDA error: an illegal memory access was encountered
CUDA kernel errors might be asynchronously reported at some other API call, so the stacktrace below might be incorrect.
For debugging consider passing CUDA_LAUNCH_BLOCKING=1
Compile with `TORCH_USE_CUDA_DSA` to enable device-side assertions.


The above exception was the direct cause of the following exception:

[36mray::WorkerDict.actor_rollout_generate_sequences()[39m (pid=30551, ip=172.18.0.2, actor_id=d5f52056d20cff3235d19d1606000000, repr=<verl.single_controller.ray.base.WorkerDict object at 0x7bb012b7c970>)
  File "/tmp/ray/session_2025-03-28_05-49-15_928839_3718/runtime_resources/working_dir_files/_ray_pkg_66c14c3c54eba0b3/verl/workers/fsdp_workers.py", line 487, in generate_sequences
    output = self.rollout.generate_sequences(prompts=prompts)
  File "/workspace/simpleRL-reason/env/lib/python3.10/site-packages/torch/utils/_contextlib.py", line 116, in decorate_context
    return func(*args, **kwargs)
  File "/tmp/ray/session_2025-03-28_05-49-15_928839_3718/runtime_resources/working_dir_files/_ray_pkg_66c14c3c54eba0b3/verl/workers/rollout/vllm_rollout/vllm_rollout.py", line 209, in generate_sequences
    output = self.inference_engine.generate(
  File "/workspace/simpleRL-reason/env/lib/python3.10/site-packages/vllm/utils.py", line 1063, in inner
    return fn(*args, **kwargs)
  File "/workspace/simpleRL-reason/env/lib/python3.10/site-packages/vllm/entrypoints/llm.py", line 353, in generate
    outputs = self._run_engine(use_tqdm=use_tqdm)
  File "/tmp/ray/session_2025-03-28_05-49-15_928839_3718/runtime_resources/working_dir_files/_ray_pkg_66c14c3c54eba0b3/verl/third_party/vllm/vllm_v_0_6_3/llm.py", line 161, in _run_engine
    outputs = super()._run_engine(use_tqdm=use_tqdm)
  File "/workspace/simpleRL-reason/env/lib/python3.10/site-packages/vllm/entrypoints/llm.py", line 879, in _run_engine
    step_outputs = self.llm_engine.step()
  File "/workspace/simpleRL-reason/env/lib/python3.10/site-packages/vllm/engine/llm_engine.py", line 1386, in step
    outputs = self.model_executor.execute_model(
  File "/tmp/ray/session_2025-03-28_05-49-15_928839_3718/runtime_resources/working_dir_files/_ray_pkg_66c14c3c54eba0b3/verl/third_party/vllm/vllm_v_0_6_3/spmd_gpu_executor.py", line 163, in execute_model
    all_outputs = self.worker.execute_model(execute_model_req=execute_model_req)
  File "/tmp/ray/session_2025-03-28_05-49-15_928839_3718/runtime_resources/working_dir_files/_ray_pkg_66c14c3c54eba0b3/verl/third_party/vllm/vllm_v_0_6_3/worker.py", line 267, in execute_model
    return self.model_runner.execute_model(
  File "/workspace/simpleRL-reason/env/lib/python3.10/site-packages/torch/utils/_contextlib.py", line 116, in decorate_context
    return func(*args, **kwargs)
  File "/workspace/simpleRL-reason/env/lib/python3.10/site-packages/vllm/worker/model_runner_base.py", line 146, in _wrapper
    raise type(err)(f"Error in model execution: "
RuntimeError: Error in model execution: CUDA error: an illegal memory access was encountered
CUDA kernel errors might be asynchronously reported at some other API call, so the stacktrace below might be incorrect.
For debugging consider passing CUDA_LAUNCH_BLOCKING=1
Compile with `TORCH_USE_CUDA_DSA` to enable device-side assertions.


During handling of the above exception, another exception occurred:

[36mray::WorkerDict.actor_rollout_generate_sequences()[39m (pid=30551, ip=172.18.0.2, actor_id=d5f52056d20cff3235d19d1606000000, repr=<verl.single_controller.ray.base.WorkerDict object at 0x7bb012b7c970>)
  File "/tmp/ray/session_2025-03-28_05-49-15_928839_3718/runtime_resources/working_dir_files/_ray_pkg_66c14c3c54eba0b3/verl/single_controller/ray/base.py", line 401, in func
    return getattr(self.worker_dict[key], name)(*args, **kwargs)
  File "/tmp/ray/session_2025-03-28_05-49-15_928839_3718/runtime_resources/working_dir_files/_ray_pkg_66c14c3c54eba0b3/verl/single_controller/base/decorator.py", line 404, in inner
    return func(*args, **kwargs)
  File "/tmp/ray/session_2025-03-28_05-49-15_928839_3718/runtime_resources/working_dir_files/_ray_pkg_66c14c3c54eba0b3/verl/workers/fsdp_workers.py", line 483, in generate_sequences
    with self.rollout_sharding_manager:
  File "/tmp/ray/session_2025-03-28_05-49-15_928839_3718/runtime_resources/working_dir_files/_ray_pkg_66c14c3c54eba0b3/verl/workers/sharding_manager/fsdp_vllm.py", line 105, in __exit__
    torch.cuda.empty_cache()
  File "/workspace/simpleRL-reason/env/lib/python3.10/site-packages/torch/cuda/memory.py", line 170, in empty_cache
    torch._C._cuda_emptyCache()
RuntimeError: CUDA error: an illegal memory access was encountered
CUDA kernel errors might be asynchronously reported at some other API call, so the stacktrace below might be incorrect.
For debugging consider passing CUDA_LAUNCH_BLOCKING=1
Compile with `TORCH_USE_CUDA_DSA` to enable device-side assertions.

Set the environment variable HYDRA_FULL_ERROR=1 for a complete stack trace.

[31m---------------------------------------[39m
[31mJob 'raysubmit_3eh41UQzNKJYSvHh' failed[39m
[31m---------------------------------------[39m

Status message: Job entrypoint command failed with exit code 1, last available logs (truncated to 20,000 chars):
  File "/tmp/ray/session_2025-03-28_05-49-15_928839_3718/runtime_resources/working_dir_files/_ray_pkg_66c14c3c54eba0b3/verl/workers/sharding_manager/fsdp_vllm.py", line 105, in __exit__
    torch.cuda.empty_cache()
  File "/workspace/simpleRL-reason/env/lib/python3.10/site-packages/torch/cuda/memory.py", line 170, in empty_cache
    torch._C._cuda_emptyCache()
RuntimeError: CUDA error: an illegal memory access was encountered
CUDA kernel errors might be asynchronously reported at some other API call, so the stacktrace below might be incorrect.
For debugging consider passing CUDA_LAUNCH_BLOCKING=1
Compile with `TORCH_USE_CUDA_DSA` to enable device-side assertions.

Set the environment variable HYDRA_FULL_ERROR=1 for a complete stack trace.









(WorkerDict pid=99817) INFO 03-29 08:12:50 model_runner_base.py:120] Writing input of failed execution to /tmp/err_execute_model_input_
20250329-081250.pkl...                                                                                                                 
(WorkerDict pid=99817) WARNING 03-29 08:12:50 model_runner_base.py:143] Failed to pickle inputs of failed execution: CUDA error: an ill
egal memory access was encountered                                                                                                     
(WorkerDict pid=99817) WARNING 03-29 08:12:50 model_runner_base.py:143] CUDA kernel errors might be asynchronously reported at some oth
er API call, so the stacktrace below might be incorrect.                                                                               
(WorkerDict pid=99817) WARNING 03-29 08:12:50 model_runner_base.py:143] For debugging consider passing CUDA_LAUNCH_BLOCKING=1          
(WorkerDict pid=99817) WARNING 03-29 08:12:50 model_runner_base.py:143] Compile with `TORCH_USE_CUDA_DSA` to enable device-side asserti
ons.                                                                                                                                   
(WorkerDict pid=99817) WARNING 03-29 08:12:50 model_runner_base.py:143]                                                                
(WorkerDict pid=99817) annels, 32 p2p channels, 32 p2p channels per peer                                                               
(WorkerDict pid=99817) bb943b4f63eb:99817:101979 [0] NCCL INFO comm 0x42851c00 rank 0 nranks 2 cudaDev 0 nvmlDev 0 busId 18000 commId 0
xada0d58d32d4d686 - Init COMPLETE                                                                                                      
(WorkerDict pid=99817) [rank0]:[E329 08:12:50.613114808 ProcessGroupNCCL.cpp:1515] [PG 9 Rank 0] Process group watchdog thread terminat
ed with exception: CUDA error: an illegal memory access was encountered                                                                
(WorkerDict pid=99817) CUDA kernel errors might be asynchronously reported at some other API call, so the stacktrace below might be inc
orrect.                                                                                                                                
(WorkerDict pid=99817) For debugging consider passing CUDA_LAUNCH_BLOCKING=1                                                           
(WorkerDict pid=99817) Compile with `TORCH_USE_CUDA_DSA` to enable device-side assertions.                                             
(WorkerDict pid=99817)                                                                                                                 
(WorkerDict pid=99817) Exception raised from c10_cuda_check_implementation at ../c10/cuda/CUDAException.cpp:43 (most recent call first)
:
(WorkerDict pid=99817) frame #0: c10::Error::Error(c10::SourceLocation, std::string) + 0x96 (0x72bf5cd77f86 in /workspace/simpleRL-reas
on/env/lib/python3.10/site-packages/torch/lib/libc10.so)                                                                               
(WorkerDict pid=99817) frame #1: c10::detail::torchCheckFail(char const*, char const*, unsigned int, std::string const&) + 0x64 (0x72bf
5cd26d10 in /workspace/simpleRL-reason/env/lib/python3.10/site-packages/torch/lib/libc10.so)                                           
(WorkerDict pid=99817) frame #2: c10::cuda::c10_cuda_check_implementation(int, char const*, char const*, int, bool) + 0x118 (0x72bf68c7
5f08 in /workspace/simpleRL-reason/env/lib/python3.10/site-packages/torch/lib/libc10_cuda.so)                                          
(WorkerDict pid=99817) frame #3: c10d::ProcessGroupNCCL::WorkNCCL::finishedGPUExecutionInternal() const + 0x56 (0x728f879c33e6 in /work
space/simpleRL-reason/env/lib/python3.10/site-packages/torch/lib/libtorch_cuda.so)                                                     
(WorkerDict pid=99817) frame #4: c10d::ProcessGroupNCCL::WorkNCCL::isCompleted() + 0xa0 (0x728f879c8600 in /workspace/simpleRL-reason/e
nv/lib/python3.10/site-packages/torch/lib/libtorch_cuda.so)                                                                            
(WorkerDict pid=99817) frame #5: c10d::ProcessGroupNCCL::watchdogHandler() + 0x1da (0x728f879cf2ba in /workspace/simpleRL-reason/env/li
b/python3.10/site-packages/torch/lib/libtorch_cuda.so)                                                                                 
(WorkerDict pid=99817) frame #6: c10d::ProcessGroupNCCL::ncclCommWatchdog() + 0x10c (0x728f879d16fc in /workspace/simpleRL-reason/env/l
ib/python3.10/site-packages/torch/lib/libtorch_cuda.so)                                                                                
(WorkerDict pid=99817) frame #7: <unknown function> + 0xdbbf4 (0x72bf7c2dbbf4 in /workspace/simpleRL-reason/env/bin/../lib/libstdc++.so
.6)                                                                                                                                    
(WorkerDict pid=99817) frame #8: <unknown function> + 0x94ac3 (0x72bf7e50eac3 in /lib/x86_64-linux-gnu/libc.so.6)                      
(WorkerDict pid=99817) frame #9: clone + 0x44 (0x72bf7e59fa04 in /lib/x86_64-linux-gnu/libc.so.6)                                      
(WorkerDict pid=99817)                                                                                                                 
(WorkerDict pid=99817) [2025-03-29 08:12:50,344 E 99817 101781] logging.cc:97: Unhandled exception: N3c1016DistBackendErrorE. what(): [
PG 9 Rank 0] Process group watchdog thread terminated with exception: CUDA error: an illegal memory access was encountered             
(WorkerDict pid=99817) CUDA kernel errors might be asynchronously reported at some other API call, so the stacktrace below might be inc
orrect.                                                                                                                                
(WorkerDict pid=99817) For debugging consider passing CUDA_LAUNCH_BLOCKING=1                                                           
(WorkerDict pid=99817) Compile with `TORCH_USE_CUDA_DSA` to enable device-side assertions.                                             
(WorkerDict pid=99817)                                                                                                                 
(WorkerDict pid=99817) Exception raised from c10_cuda_check_implementation at ../c10/cuda/CUDAException.cpp:43 (most recent call first)
:                                                                                                                                      
(WorkerDict pid=99817) frame #0: c10::Error::Error(c10::SourceLocation, std::string) + 0x96 (0x72bf5cd77f86 in /workspace/simpleRL-reas
on/env/lib/python3.10/site-packages/torch/lib/libc10.so)                                                                               
(WorkerDict pid=99817) frame #1: c10::detail::torchCheckFail(char const*, char const*, unsigned int, std::string const&) + 0x64 (0x72bf
5cd26d10 in /workspace/simpleRL-reason/env/lib/python3.10/site-packages/torch/lib/libc10.so)                                           
(WorkerDict pid=99817) frame #2: c10::cuda::c10_cuda_check_implementation(int, char const*, char const*, int, bool) + 0x118 (0x72bf68c7
5f08 in /workspace/simpleRL-reason/env/lib/python3.10/site-packages/torch/lib/libc10_cuda.so)                                          
(WorkerDict pid=99817) frame #3: c10d::ProcessGroupNCCL::WorkNCCL::finishedGPUExecutionInternal() const + 0x56 (0x728f879c33e6 in /work
space/simpleRL-reason/env/lib/python3.10/site-packages/torch/lib/libtorch_cuda.so)                                           [114/1643]
(WorkerDict pid=99817) frame #4: c10d::ProcessGroupNCCL::WorkNCCL::isCompleted() + 0xa0 (0x728f879c8600 in /workspace/simpleRL-reason/e
nv/lib/python3.10/site-packages/torch/lib/libtorch_cuda.so)                                                                            
(WorkerDict pid=99817) frame #5: c10d::ProcessGroupNCCL::watchdogHandler() + 0x1da (0x728f879cf2ba in /workspace/simpleRL-reason/env/li
b/python3.10/site-packages/torch/lib/libtorch_cuda.so)                                                                                 
(WorkerDict pid=99817) frame #6: c10d::ProcessGroupNCCL::ncclCommWatchdog() + 0x10c (0x728f879d16fc in /workspace/simpleRL-reason/env/l
ib/python3.10/site-packages/torch/lib/libtorch_cuda.so)                                                                                
(WorkerDict pid=99817) frame #7: <unknown function> + 0xdbbf4 (0x72bf7c2dbbf4 in /workspace/simpleRL-reason/env/bin/../lib/libstdc++.so
.6)                                                                                                                                    
(WorkerDict pid=99817) frame #8: <unknown function> + 0x94ac3 (0x72bf7e50eac3 in /lib/x86_64-linux-gnu/libc.so.6)                      
(WorkerDict pid=99817) frame #9: clone + 0x44 (0x72bf7e59fa04 in /lib/x86_64-linux-gnu/libc.so.6)                                      
(WorkerDict pid=99817)                                                                                                                 
(WorkerDict pid=99817) Exception raised from ncclCommWatchdog at ../torch/csrc/distributed/c10d/ProcessGroupNCCL.cpp:1521 (most recent 
call first):                                                                                                                           
(WorkerDict pid=99817) frame #0: c10::Error::Error(c10::SourceLocation, std::string) + 0x96 (0x72bf5cd77f86 in /workspace/simpleRL-reas
on/env/lib/python3.10/site-packages/torch/lib/libc10.so)                                                                               
(WorkerDict pid=99817) frame #1: <unknown function> + 0xe5aa84 (0x728f8765aa84 in /workspace/simpleRL-reason/env/lib/python3.10/site-pa
ckages/torch/lib/libtorch_cuda.so)                                                                                                     
(WorkerDict pid=99817) frame #2: <unknown function> + 0xdbbf4 (0x72bf7c2dbbf4 in /workspace/simpleRL-reason/env/bin/../lib/libstdc++.so
.6)                                                                                                                                    
(WorkerDict pid=99817) frame #3: <unknown function> + 0x94ac3 (0x72bf7e50eac3 in /lib/x86_64-linux-gnu/libc.so.6)                      
(WorkerDict pid=99817) frame #4: clone + 0x44 (0x72bf7e59fa04 in /lib/x86_64-linux-gnu/libc.so.6)                                      
(WorkerDict pid=99817)                                                                                                                 
(WorkerDict pid=99817) [2025-03-29 08:12:50,373 E 99817 101781] logging.cc:104: Stack trace:                                           
(WorkerDict pid=99817)  /workspace/simpleRL-reason/env/lib/python3.10/site-packages/ray/_raylet.so(+0xfe543a) [0x72bf7d5e543a] ray::ope
rator<<()                                                                                                                              
(WorkerDict pid=99817) /workspace/simpleRL-reason/env/lib/python3.10/site-packages/ray/_raylet.so(+0xfe7b78) [0x72bf7d5e7b78] ray::Term
inateHandler()                                                                                                                         
(WorkerDict pid=99817) /workspace/simpleRL-reason/env/bin/../lib/libstdc++.so.6(+0xb135a) [0x72bf7c2b135a] __cxxabiv1::__terminate()   
(WorkerDict pid=99817) /workspace/simpleRL-reason/env/bin/../lib/libstdc++.so.6(+0xb13c5) [0x72bf7c2b13c5]                             
(WorkerDict pid=99817) /workspace/simpleRL-reason/env/bin/../lib/libstdc++.so.6(+0xb134f) [0x72bf7c2b134f]                             
(WorkerDict pid=99817) /workspace/simpleRL-reason/env/lib/python3.10/site-packages/torch/lib/libtorch_cuda.so(+0xe5ab35) [0x728f8765ab3
5] c10d::ProcessGroupNCCL::ncclCommWatchdog()                                                                                          
(WorkerDict pid=99817) /workspace/simpleRL-reason/env/bin/../lib/libstdc++.so.6(+0xdbbf4) [0x72bf7c2dbbf4] execute_native_thread_routin
e
(WorkerDict pid=99817) /lib/x86_64-linux-gnu/libc.so.6(+0x94ac3) [0x72bf7e50eac3]                                                      
(WorkerDict pid=99817) /lib/x86_64-linux-gnu/libc.so.6(clone+0x44) [0x72bf7e59fa04] __clone                                            
(WorkerDict pid=99817)                                                                                                                 
(WorkerDict pid=99817) *** SIGABRT received at time=1743235970 on cpu 191 ***                                                          
(WorkerDict pid=99817) PC: @     0x72bf7e5109fc  (unknown)  pthread_kill                                                               
(WorkerDict pid=99817)     @     0x72bf7e4bc520  (unknown)  (unknown)                                                                  
(WorkerDict pid=99817) [2025-03-29 08:12:50,374 E 99817 101781] logging.cc:361: *** SIGABRT received at time=1743235970 on cpu 191 *** 
(WorkerDict pid=99817) [2025-03-29 08:12:50,374 E 99817 101781] logging.cc:361: PC: @     0x72bf7e5109fc  (unknown)  pthread_kill      
(WorkerDict pid=99817) [2025-03-29 08:12:50,374 E 99817 101781] logging.cc:361:     @     0x72bf7e4bc520  (unknown)  (unknown)         
(WorkerDict pid=99817) Fatal Python error: Aborted                                                                                     
(WorkerDict pid=99817)                                                                                                                 
(WorkerDict pid=99817)                                                                                                                 
(WorkerDict pid=99817) Extension modules: msgpack._cmsgpack, google._upb._message, psutil._psutil_linux, psutil._psutil_posix, setproct
itle, yaml._yaml, charset_normalizer.md, requests.packages.charset_normalizer.md, requests.packages.chardet.md, uvloop.loop, ray._rayle
t, numpy.core._multiarray_umath, numpy.core._multiarray_tests, numpy.linalg._umath_linalg, numpy.fft._pocketfft_internal, numpy.random.
_common, numpy.random.bit_generator, numpy.random._bounded_integers, numpy.random._mt19937, numpy.random.mtrand, numpy.random._philox, 
numpy.random._pcg64, numpy.random._sfc64, numpy.random._generator, pyarrow.lib, pandas._libs.tslibs.ccalendar, pandas._libs.tslibs.np_d
atetime, pandas._libs.tslibs.dtypes, pandas._libs.tslibs.base, pandas._libs.tslibs.nattype, pandas._libs.tslibs.timezones, pandas._libs
.tslibs.fields, pandas._libs.tslibs.timedeltas, pandas._libs.tslibs.tzconversion, pandas._libs.tslibs.timestamps, pandas._libs.properti
es, pandas._libs.tslibs.offsets, pandas._libs.tslibs.strptime, pandas._libs.tslibs.parsing, pandas._libs.tslibs.conversion, pandas._lib
s.tslibs.period, pandas._libs.tslibs.vectorized, pandas._libs.ops_dispatch, pandas._libs.missing, pandas._libs.hashtable, pandas._libs.
algos, pandas._libs.interval, pandas._libs.lib, pyarrow._compute, pandas._libs.ops, pandas._libs.hashing, pandas._libs.arrays, pandas._
libs.tslib, pandas._libs.sparse, pandas._libs.internals, pandas._libs.indexing, pandas._libs.index, pandas._libs.writers, pandas._libs.
join, pandas._libs.window.aggregations, pandas._libs.window.indexers, pandas._libs.reshape, pandas._libs.groupby, pandas._libs.json, pa
ndas._libs.parsers, pandas._libs.testing, torch._C, torch._C._fft, torch._C._linalg, torch._C._nested, torch._C._nn, torch._C._sparse, 
torch._C._special, markupsafe._speedups, PIL._imaging, sentencepiece._sentencepiece, PIL._imagingft, msgspec._core, regex._regex, multi
dict._multidict, yarl._quoting_c, propcache._helpers_c, aiohttp._http_writer, aiohttp._http_parser, aiohttp._websocket.mask, aiohttp._w
ebsocket.reader_c, frozenlist._frozenlist, pyarrow._json, zmq.backend.cython._zmq, cuda_utils, __triton_launcher (total: 91)           
(WorkerDict pid=99817) /workspace/simpleRL-reason/env/lib/python3.10/multiprocessing/resource_tracker.py:224: UserWarning: resource_tra
cker: There appear to be 1 leaked shared_memory objects to clean up at shutdown                                                        
(WorkerDict pid=99817)   warnings.warn('resource_tracker: There appear to be %d '                                                   
(raylet) A worker died or was killed while executing a task by an unexpected system error. To troubleshoot the problem, check the logs 
for the dead worker. RayTask ID: ffffffffffffffff93f2b6dd14caea6c8e21ae9007000000 Worker ID: 2b7b2a2d648ca2224a2ab3c9d773f5d643e44a2156
1e6cedfaaba359 Node ID: 31a71c620759d8a5fc7fcb2ae06df5cfbc55da029c585f2578d00abc Worker IP address: 172.18.0.2 Worker port: 10224 Worke
r PID: 99817 Worker exit type: SYSTEM_ERROR Worker exit detail: Worker unexpectedly exits with a connection error code 2. End of file. 
There are some potential root causes. (1) The process is killed by SIGKILL by OOM killer due to high memory usage. (2) ray stop --force
 is called. (3) The worker is crashed unexpectedly due to SIGSEGV or other unexpected errors.                                          
Error executing job with overrides: ['algorithm.adv_estimator=grpo', 'data.train_files=/workspace/simpleRL-reason/train.parquet', 'data
.val_files=/workspace/simpleRL-reason/test.parquet', 'data.train_batch_size=1024', 'data.val_batch_size=500', 'data.max_prompt_length=1
024', 'data.max_response_length=8192', 'actor_rollout_ref.model.path=Qwen/Qwen2.5-0.5B', 'actor_rollout_ref.actor.optim.lr=5e-7', 'acto
r_rollout_ref.model.use_remove_padding=True', 'actor_rollout_ref.actor.ppo_mini_batch_size=256', 'actor_rollout_ref.actor.ppo_micro_bat
ch_size_per_gpu=2', 'actor_rollout_ref.actor.use_kl_loss=True', 'actor_rollout_ref.actor.kl_loss_coef=0.0001', 'actor_rollout_ref.actor
.entropy_coeff=0.001', 'actor_rollout_ref.actor.clip_ratio=0.2', 'actor_rollout_ref.actor.kl_loss_type=low_var_kl', 'actor_rollout_ref.
model.enable_gradient_checkpointing=True', 'actor_rollout_ref.actor.fsdp_config.param_offload=False', 'actor_rollout_ref.actor.fsdp_con
fig.grad_offload=False', 'actor_rollout_ref.actor.fsdp_config.optimizer_offload=False', 'actor_rollout_ref.rollout.temperature=1.0', 'a
ctor_rollout_ref.rollout.log_prob_micro_batch_size=160', 'actor_rollout_ref.rollout.tensor_model_parallel_size=2', 'actor_rollout_ref.r
ollout.name=vllm', 'actor_rollout_ref.rollout.gpu_memory_utilization=0.9', 'actor_rollout_ref.rollout.n=8', 'actor_rollout_ref.rollout.
enable_chunked_prefill=False', 'actor_rollout_ref.rollout.max_num_batched_tokens=10216', 'actor_rollout_ref.rollout.micro_rollout_batch
_size=1024', 'actor_rollout_ref.ref.log_prob_micro_batch_size=160', 'actor_rollout_ref.ref.fsdp_config.param_offload=True', 'algorithm.
kl_ctrl.kl_coef=0.001', 'critic.ppo_micro_batch_size_per_gpu=4', 'trainer.critic_warmup=0', 'trainer.logger=[console,wandb]', 'trainer.
project_name=simplerl-math-grpo-single-node', 'trainer.remove_previous_ckpt=False', 'trainer.experiment_name=v1_Qwen_Qwen2.5-0.5B_max_r
esponse8192_batch1024_rollout8_klcoef0.0001_entcoef0.001_simplelr_math_35', 'trainer.n_gpus_per_node=8', 'trainer.nnodes=1', 'trainer.r
emove_clip=False', 'trainer.save_freq=5', 'trainer.test_freq=5', 'trainer.default_local_dir=/workspace/simpleRL-reason/checkpoints/v1_Q
wen_Qwen2.5-0.5B_max_response8192_batch1024_rollout8_klcoef0.0001_entcoef0.001_simplelr_math_35', 'trainer.total_epochs=20']           
Traceback (most recent call last):                                                                                                   
  File "/tmp/ray/session_2025-03-28_05-49-15_928839_3718/runtime_resources/working_dir_files/_ray_pkg_51417555636a8896/verl/trainer/mai
n_ppo.py", line 111, in main                                                                                                           
    run_ppo(config)                                                                                                                    
  File "/tmp/ray/session_2025-03-28_05-49-15_928839_3718/runtime_resources/working_dir_files/_ray_pkg_51417555636a8896/verl/trainer/mai
n_ppo.py", line 119, in run_ppo                                                                                                        
    ray.get(main_task.remote(config, compute_score))                                                                                   
  File "/workspace/simpleRL-reason/env/lib/python3.10/site-packages/ray/_private/auto_init_hook.py", line 21, in auto_init_wrapper     
    return fn(*args, **kwargs)                                                                                                         
  File "/workspace/simpleRL-reason/env/lib/python3.10/site-packages/ray/_private/client_mode_hook.py", line 103, in wrapper            
    return func(*args, **kwargs)                                                                                                       
  File "/workspace/simpleRL-reason/env/lib/python3.10/site-packages/ray/_private/worker.py", line 2667, in get                         
    values, debugger_breakpoint = worker.get_objects(object_refs, timeout=timeout)                                                     
  File "/workspace/simpleRL-reason/env/lib/python3.10/site-packages/ray/_private/worker.py", line 864, in get_objects                  
    raise value.as_instanceof_cause()                                                                                                  
ray.exceptions.RayTaskError(RayActorError): ray::main_task() (pid=99514, ip=172.18.0.2)                                                
  File "/tmp/ray/session_2025-03-28_05-49-15_928839_3718/runtime_resources/working_dir_files/_ray_pkg_51417555636a8896/verl/trainer/mai
n_ppo.py", line 205, in main_task                                                                                                      
    trainer.fit()                                                                                                                      
  File "/tmp/ray/session_2025-03-28_05-49-15_928839_3718/runtime_resources/working_dir_files/_ray_pkg_51417555636a8896/verl/trainer/ppo
/ray_trainer.py", line 952, in fit                                                                                                     
    val_metrics: dict = self._validate()                                                                                               
  File "/tmp/ray/session_2025-03-28_05-49-15_928839_3718/runtime_resources/working_dir_files/_ray_pkg_51417555636a8896/verl/trainer/ppo
/ray_trainer.py", line 532, in _validate                                                                                               
    test_output_gen_batch_padded = self.actor_rollout_wg.generate_sequences(test_gen_batch_padded)                                    
  File "/tmp/ray/session_2025-03-28_05-49-15_928839_3718/runtime_resources/working_dir_files/_ray_pkg_51417555636a8896/verl/sin[0/1643]                      roller/ray/base.py", line 42, in func                                                                                                                            output = ray.get(output)                                                                                                                                 ray.exceptions.RayActorError: The actor died unexpectedly before finishing this task.                                                                                class_name: create_colocated_worker_cls.<locals>.WorkerDict                                                                                                  actor_id: 93f2b6dd14caea6c8e21ae9007000000                                                                                                                   pid: 99817                                                                                                                                                   name: 5LGVDrWorkerDict_0:0                                                                                                                                   namespace: 0fbfdec5-b2b0-46e9-a9cf-bb2160d8633b                                                                                h a connection error c        ip: 172.18.0.2                                                                                                                 (2) ray stop --force iThe actor is dead because its worker process has died. Worker exit type: SYSTEM_ERROR Worker exit detail: Worker unexpectedly exits wit                      h a connection error code 2. End of file. There are some potential root causes. (1) The process is killed by SIGKILL by OOM killer due                       to high memory usage. (2) ray stop --force is called. (3) The worker is crashed unexpectedly due to SIGSEGV or other unexpected errors.                                                                                                                                                                                   Set the environment variable HYDRA_FULL_ERROR=1 for a complete stack trace.                                                                                                                                                                                                                         f63eb" 08:35 29-Mar-25---------------------------------------                                                                                                Job 'raysubmit_KhNA3KfHrAkv3XAc' failed                                                                                                ---------------------------------------                                                                                                                                                                                                                                       
Status message: Job entrypoint command failed with exit code 1, last available logs (truncated to 20,000 chars):                       
ray.exceptions.RayActorError: The actor died unexpectedly before finishing this task.                                                  
        class_name: create_colocated_worker_cls.<locals>.WorkerDict                                                                    
        actor_id: 93f2b6dd14caea6c8e21ae9007000000                                                                                     
        pid: 99817                                                                                                                     
        name: 5LGVDrWorkerDict_0:0                                                                                                     
        namespace: 0fbfdec5-b2b0-46e9-a9cf-bb2160d8633b                                                                                
        ip: 172.18.0.2                                                                                                                 
The actor is dead because its worker process has died. Worker exit type: SYSTEM_ERROR Worker exit detail: Worker unexpectedly exits wit
h a connection error code 2. End of file. There are some potential root causes. (1) The process is killed by SIGKILL by OOM killer due 
to high memory usage. (2) ray stop --force is called. (3) The worker is crashed unexpectedly due to SIGSEGV or other unexpected errors.
                                                                                                                                       
Set the environment variable HYDRA_FULL_ERROR=1 for a complete stack trace.    